
  Inbox / Settings / Archive

  No archived specs.




























  Restored Inbox layout
  Esc back

--- styles: row, columns, style ---
 1   2-20  fg=Gray
 1  21-27  fg=LightCyan BOLD
 3   2-97  fg=Gray
 4   2-97  fg=Gray
 5   2-97  fg=Gray
 6   2-97  fg=Gray
 7   2-97  fg=Gray
 8   2-97  fg=Gray
 9   2-97  fg=Gray
10   2-97  fg=Gray
11   2-97  fg=Gray
12   2-97  fg=Gray
13   2-97  fg=Gray
14   2-97  fg=Gray
15   2-97  fg=Gray
16   2-97  fg=Gray
17   2-97  fg=Gray
18   2-97  fg=Gray
19   2-97  fg=Gray
20   2-97  fg=Gray
21   2-97  fg=Gray
22   2-97  fg=Gray
23   2-97  fg=Gray
24   2-97  fg=Gray
25   2-97  fg=Gray
26   2-97  fg=Gray
27   2-97  fg=Gray
28   2-97  fg=Gray
29   2-97  fg=Gray
30   2-97  fg=Gray
31   2-97  fg=Gray
