
  Inbox / Settings / Archive

  No archived specs.

















  Restored Inbox layout
  Esc back

--- styles: row, columns, style ---
 1   2-20  fg=Gray
 1  21-27  fg=LightCyan BOLD
 3   2-57  fg=Gray
 4   2-57  fg=Gray
 5   2-57  fg=Gray
 6   2-57  fg=Gray
 7   2-57  fg=Gray
 8   2-57  fg=Gray
 9   2-57  fg=Gray
10   2-57  fg=Gray
11   2-57  fg=Gray
12   2-57  fg=Gray
13   2-57  fg=Gray
14   2-57  fg=Gray
15   2-57  fg=Gray
16   2-57  fg=Gray
17   2-57  fg=Gray
18   2-57  fg=Gray
19   2-57  fg=Gray
20   2-57  fg=Gray
