
  Inbox / Settings / Archive

  Inbox layout
  Quarterly plan



  ┌ Confirm delete ──────────────────┐
  │ DELETE SPEC                      │
  │ Quarterly plan                   │
  │ …specs/PAY-123-quarterly-plan.md │
  │ The file moves to the macOS      │
  │ Trash.                           │
  │ Its archived record is deleted   │
  └──────────────────────────────────┘
  Enter delete this spec · Esc cancel

--- styles: row, columns, style ---
 1   2-20  fg=Gray
 1  21-27  fg=LightCyan BOLD
 4   2-37  fg=Black bg=Cyan BOLD
