
  Inbox / Settings / Archive

  No archived specs.











  Restored Inbox layout
  Esc back

--- styles: row, columns, style ---
 1   2-20  fg=Gray
 1  21-27  fg=LightCyan BOLD
 3   2-37  fg=Gray
 4   2-37  fg=Gray
 5   2-37  fg=Gray
 6   2-37  fg=Gray
 7   2-37  fg=Gray
 8   2-37  fg=Gray
 9   2-37  fg=Gray
10   2-37  fg=Gray
11   2-37  fg=Gray
12   2-37  fg=Gray
13   2-37  fg=Gray
14   2-37  fg=Gray
