
  Inbox / Settings / Archive

  Inbox layout                                                           designs/inbox-layout.md
  Quarterly plan                                                         PAY-123-quarterly-plan.md




























  j/k select · r restore · d delete · Esc back

--- styles: row, columns, style ---
 1   2-20  fg=Gray
 1  21-27  fg=LightCyan BOLD
 3   2-97  fg=Black bg=Cyan BOLD
 4  73-97  fg=Gray
