
  Inbox / Quarterly plan

  PROGRESS
                      DEV ACTIONS
  SPEC   ●   done
         │            feature/settleme
         │            nt
  JIRA   ●   done
         │
       ⢠⠖⠒⠲⡄          ✦ Update dev
  DEV  ⢾ ● ⡷ done     quest
       ⠘⠦⠤⠴⠃
         │
  PR     ◐   draft

  j/k stage · Tab action · r read

--- styles: row, columns, style ---
 1   2-9   fg=Gray
 1  10-23  fg=LightCyan BOLD
 3   2-37  fg=Gray
 4  22-37  fg=Gray
 5   2-5   fg=LightGreen
 5   9-16  fg=LightGreen
 6   9-9   fg=DarkGray
 6  22-37  fg=Gray
 7   9-9   fg=DarkGray
 7  22-37  fg=Gray
 8   2-5   fg=LightGreen
 8   9-16  fg=LightGreen
 8  22-37  fg=Gray
 9   9-9   fg=DarkGray
 9  22-37  fg=Gray
10   7-11  fg=Cyan
10  22-37  fg=Cyan BOLD | UNDERLINED
11   2-5   fg=LightGreen
11   7-7   fg=Cyan
11   9-10  fg=LightGreen
11  11-11  fg=Cyan
11  12-16  fg=LightGreen
11  22-37  fg=Cyan BOLD | UNDERLINED
12   7-11  fg=Cyan
13   9-9   fg=DarkGray
14   2-5   fg=Yellow
14   9-17  fg=Yellow
