
  Inbox / missions / zeller / Transaction search

  SPEC                                                        PROGRESS
  # Transaction search
                                                              SPEC   ●   done
  ## Goal                                                            │
                                                                     │
  Describe Transaction search well enough to build it.               │
                                                                     │
  ## Requirements                                                    │
                                                              JIRA   ●   done
  - First requirement                                                │   PAY-123
  - Second requirement                                               │
                                                                     │
                                                                     │
                                                                   ⢠⠖⠒⠲⡄
                                                              DEV  ⢾ ○ ⡷ ready
                                                                   ⠘⠦⠤⠴⠃ Record agent and branch
                                                                     │   ✦ Log dev quest
                                                                     │
                                                                     │
                                                                     │
                                                              PR     ○   locked
                                                                         Needs implementation








  j/k stage · Tab action · r read

--- styles: row, columns, style ---
 1   2-29  fg=Gray
 1  30-47  fg=LightCyan BOLD
 3  62-97  fg=Gray
 5  62-65  fg=LightGreen
 5  69-76  fg=LightGreen
 6  69-69  fg=DarkGray
 6  73-97  fg=Gray
 7  69-69  fg=DarkGray
 8  69-69  fg=DarkGray
 9  69-69  fg=DarkGray
10  69-69  fg=DarkGray
11  62-65  fg=LightGreen
11  69-76  fg=LightGreen
12  69-69  fg=DarkGray
12  73-97  fg=Gray
13  69-69  fg=DarkGray
14  69-69  fg=DarkGray
15  69-69  fg=DarkGray
16  67-71  fg=Cyan
17  62-65  fg=LightBlue
17  67-67  fg=Cyan
17  69-70  fg=LightBlue
17  71-71  fg=Cyan
17  72-77  fg=LightBlue
18  67-71  fg=Cyan
18  73-97  fg=Gray
19  69-69  fg=DarkGray
19  73-87  fg=Cyan BOLD | UNDERLINED
20  69-69  fg=DarkGray
21  69-69  fg=DarkGray
22  69-69  fg=DarkGray
23  62-65  fg=DarkGray
23  69-78  fg=DarkGray
24  73-97  fg=Gray
