
  Inbox / … / Settlement reconciliati…

  PROGRESS
                      PR ACTIONS
  SPEC   ●   done
         │            #a-very-long-pat
         │            h-segment ↗
  JIRA   ●   done
         │
         │            ✦ Review draft
  DEV    ●   done     PR
         │              Update PR link
       ⢠⠖⠒⠲⡄
  PR   ⢾ ◐ ⡷ draft
       ⠘⠦⠤⠴⠃ Bound
  j/k stage · Tab action · r read

--- styles: row, columns, style ---
 1   2-13  fg=Gray
 1  14-37  fg=LightCyan BOLD
 3   2-37  fg=Gray
 4  22-37  fg=Gray
 5   2-5   fg=LightGreen
 5   9-16  fg=LightGreen
 6   9-9   fg=DarkGray
 6  22-37  fg=Gray
 7   9-9   fg=DarkGray
 7  22-37  fg=Gray
 8   2-5   fg=LightGreen
 8   9-16  fg=LightGreen
 8  22-37  fg=Gray
 9   9-9   fg=DarkGray
 9  22-37  fg=Gray
10   9-9   fg=DarkGray
10  22-37  fg=Cyan BOLD | UNDERLINED
11   2-5   fg=LightGreen
11   9-16  fg=LightGreen
11  22-37  fg=Cyan BOLD | UNDERLINED
12   9-9   fg=DarkGray
12  22-37  fg=LightBlue
13   7-11  fg=Cyan
14   2-5   fg=Yellow
14   7-7   fg=Cyan
14   9-10  fg=Yellow
14  11-11  fg=Cyan
14  12-17  fg=Yellow
15   7-11  fg=Cyan
15  13-19  fg=LightGreen
