
  Inbox / designs / Inbox layout

  # Inbox layout                                              PROGRESS

  ## Goal                                                     SPEC   ●   done
                                                                     │
  Describe Inbox layout well enough to build it.                     │
                                                                     │
  ## Requirements                                                    │
                                                                     │
  - First requirement                                         JIRA   ○   ready
  - Second requirement                                               │   Ticket needed
                                                                     │
                                                                     │
                                                                     │
                                                                     │
                                                              DEV    ○   locked
                                                                     │   Needs Jira
                                                                     │
                                                                     │
                                                                     │
                                                                   ⢠⠖⠒⠲⡄
                                                              PR   ⢾ ○ ⡷ locked
                                                                   ⠘⠦⠤⠴⠃ Needs implementation
                                                                         Start implementation
                                                                         before linking a PR.






  j/k stage · Tab action · r read

--- styles: row, columns, style ---
 1   2-19  fg=Gray
 1  20-31  fg=LightCyan BOLD
 3  62-97  fg=Gray
 5  62-65  fg=LightGreen
 5  69-76  fg=LightGreen
 6  69-69  fg=DarkGray
 6  73-97  fg=Gray
 7  69-69  fg=DarkGray
 8  69-69  fg=DarkGray
 9  69-69  fg=DarkGray
10  69-69  fg=DarkGray
11  62-65  fg=LightBlue
11  69-77  fg=LightBlue
12  69-69  fg=DarkGray
12  73-97  fg=Gray
13  69-69  fg=DarkGray
14  69-69  fg=DarkGray
15  69-69  fg=DarkGray
16  69-69  fg=DarkGray
17  62-65  fg=DarkGray
17  69-78  fg=DarkGray
18  69-69  fg=DarkGray
18  73-97  fg=Gray
19  69-69  fg=DarkGray
20  69-69  fg=DarkGray
21  69-69  fg=DarkGray
22  67-71  fg=Cyan
23  62-65  fg=DarkGray
23  67-67  fg=Cyan
23  69-70  fg=DarkGray
23  71-71  fg=Cyan
23  72-78  fg=DarkGray
24  67-71  fg=Cyan
24  73-97  fg=Gray
25  73-97  fg=Gray
26  73-97  fg=Gray
27  73-97  fg=Gray
28  73-97  fg=Gray
