
  Inbox / designs / Settings navigation

  SPEC

  PROGRESS
                      JIRA ACTIONS
  SPEC   ◉   active
         │            Finish the spec before linking a
       ⢠⠖⠒⠲⡄          ticket.
  JIRA ⢾ ○ ⡷ wait
       ⠘⠦⠤⠴⠃
         │
  DEV    ○   locked
         │
         │
  PR     ○   locked





  j/k stage · Tab action · r read

--- styles: row, columns, style ---
 1   2-19  fg=Gray
 1  20-38  fg=LightCyan BOLD
 5   2-57  fg=Gray
 6  22-57  fg=Gray
 7   2-5   fg=Cyan
 7   9-18  fg=Cyan
 8   9-9   fg=DarkGray
 8  22-57  fg=Gray
 9   7-11  fg=Cyan
 9  22-57  fg=Gray
10   2-5   fg=Gray
10   7-7   fg=Cyan
10   9-10  fg=Gray
10  11-11  fg=Cyan
10  12-16  fg=Gray
10  22-57  fg=Gray
11   7-11  fg=Cyan
11  22-57  fg=Gray
12   9-9   fg=DarkGray
13   2-5   fg=DarkGray
13   9-18  fg=DarkGray
14   9-9   fg=DarkGray
15   9-9   fg=DarkGray
16   2-5   fg=DarkGray
16   9-18  fg=DarkGray
