
  Inbox / … / Settlement reconciliati…

  PROGRESS
                      PR ACTIONS
  SPEC   ●   done
         │            Ready to link
         │
  JIRA   ●   done
         │
         │            ✦ Bind draft PR
  DEV    ◉   active
         │
       ⢠⠖⠒⠲⡄
  PR   ⢾ ○ ⡷ ready
       ⠘⠦⠤⠴⠃
  j/k stage · Tab action · r read

--- styles: row, columns, style ---
 1   2-13  fg=Gray
 1  14-37  fg=LightCyan BOLD
 3   2-37  fg=Gray
 4  22-37  fg=Gray
 5   2-5   fg=LightGreen
 5   9-16  fg=LightGreen
 6   9-9   fg=DarkGray
 6  22-37  fg=Gray
 7   9-9   fg=DarkGray
 7  22-37  fg=Gray
 8   2-5   fg=LightGreen
 8   9-16  fg=LightGreen
 8  22-37  fg=Gray
 9   9-9   fg=DarkGray
 9  22-37  fg=Gray
10   9-9   fg=DarkGray
10  22-36  fg=Cyan BOLD | UNDERLINED
11   2-5   fg=Cyan
11   9-18  fg=Cyan
12   9-9   fg=DarkGray
13   7-11  fg=Cyan
14   2-5   fg=LightBlue
14   7-7   fg=Cyan
14   9-10  fg=LightBlue
14  11-11  fg=Cyan
14  12-17  fg=LightBlue
15   7-11  fg=Cyan
