
  Inbox

                                                     S D P
  ▾  designs
  ├─    Inbox layout                                ✓ → ○
  └─    Settings navigation                         ● ○ ○
  ▾  missions
  └─ ▾  zeller
     ├─    Settlement reconciliation across acquir… ✓ ● →
     └─    Transaction search                       ✓ → ○
     Quarterly plan                                 ✓ ✓ ◐










  Enter open · n new · a archive · s settings

--- styles: row, columns, style ---
 1   2-6   fg=LightCyan BOLD
 3   2-57  fg=Gray BOLD
 4   2-57  fg=Black bg=Cyan BOLD
 5   2-4   fg=DarkGray
 5   5-8   fg=LightBlue
 5  53-53  fg=LightGreen
 5  55-55  fg=LightBlue
 5  57-57  fg=DarkGray
 6   2-4   fg=DarkGray
 6   5-8   fg=LightBlue
 6  53-53  fg=Cyan
 6  55-55  fg=DarkGray
 6  57-57  fg=DarkGray
 7   2-13  fg=Yellow BOLD
 8   2-4   fg=DarkGray
 8   5-14  fg=Yellow BOLD
 9   2-7   fg=DarkGray
 9   8-11  fg=LightBlue
 9  53-53  fg=LightGreen
 9  55-55  fg=Cyan
 9  57-57  fg=LightBlue
10   2-7   fg=DarkGray
10   8-11  fg=LightBlue
10  53-53  fg=LightGreen
10  55-55  fg=LightBlue
10  57-57  fg=DarkGray
11   2-5   fg=LightBlue
11  53-53  fg=LightGreen
11  55-55  fg=LightGreen
11  57-57  fg=Yellow
