
  Inbox

                                                   S J D P
  ▸  designs
  ▾  missions
  └─ ▾  zeller
     ├─    Settlement reconciliation across acqu… ✓ ✓ ● →
     └─    Transaction search                     ✓ ✓ → ○
     Quarterly plan                               ✓ ✓ ✓ ◐












  Enter open · n new · a archive · s settings

--- styles: row, columns, style ---
 1   2-6   fg=LightCyan BOLD
 3   2-57  fg=Gray BOLD
 4   2-57  fg=Black bg=Cyan BOLD
 5   2-13  fg=Yellow BOLD
 6   2-4   fg=DarkGray
 6   5-14  fg=Yellow BOLD
 7   2-7   fg=DarkGray
 7   8-11  fg=LightBlue
 7  51-51  fg=LightGreen
 7  53-53  fg=LightGreen
 7  55-55  fg=Cyan
 7  57-57  fg=LightBlue
 8   2-7   fg=DarkGray
 8   8-11  fg=LightBlue
 8  51-51  fg=LightGreen
 8  53-53  fg=LightGreen
 8  55-55  fg=LightBlue
 8  57-57  fg=DarkGray
 9   2-5   fg=LightBlue
 9  51-51  fg=LightGreen
 9  53-53  fg=LightGreen
 9  55-55  fg=LightGreen
 9  57-57  fg=Yellow
