
  Inbox

                               S J D P
  ▸  designs
  ▾  missions
  └─ ▾  zeller
     └─    Transaction search ✓ ✓ → ○
     Quarterly plan           ✓ ✓ ✓ ◐







  ↵ · n new · a archive · s settings

--- styles: row, columns, style ---
 1   2-6   fg=LightCyan BOLD
 3   2-37  fg=Gray BOLD
 4   2-37  fg=Black bg=Cyan BOLD
 5   2-13  fg=Yellow BOLD
 6   2-4   fg=DarkGray
 6   5-14  fg=Yellow BOLD
 7   2-7   fg=DarkGray
 7   8-11  fg=LightBlue
 7  31-31  fg=LightGreen
 7  33-33  fg=LightGreen
 7  35-35  fg=LightBlue
 7  37-37  fg=DarkGray
 8   2-5   fg=LightBlue
 8  31-31  fg=LightGreen
 8  33-33  fg=LightGreen
 8  35-35  fg=LightGreen
 8  37-37  fg=Yellow
