
  Inbox / New spec

                                                   S J D P
  ▾  designs
  ├─    Inbox layout                              ✓ → ○ ○
  ├─    preview                                   ✓ → ○ ○
  └─    Settings navigation                       ● ○ ○ ○
  ▾  missions
  └─ ▾  zeller
     ├─    Settlement reconciliation across acqu… ✓ ✓ ● →
     └─    Transaction search                     ✓ ✓ → ○
     Quarterly plan                               ✓ ✓ ✓ ◐


  ┌ New spec ────────────────────────────────────────────┐
  │ Client    Claude · Opus 5.5 · Medium                 │
  │         ✦ Codex · GPT-6.1-Sol · Medium               │
  │                                                      │
  │ Topic   le charge, across every acquirer and wallet█ │
  └──────────────────────────────────────────────────────┘
  Open the Inbox inside Herdr to start sessions
  ↑↓ client · Enter start session · Esc cancel

--- styles: row, columns, style ---
 1   2-9   fg=Gray
 1  10-17  fg=LightCyan BOLD
 3   2-57  fg=Gray BOLD
 4   2-57  fg=Black bg=Cyan BOLD
 5   2-4   fg=DarkGray
 5   5-8   fg=LightBlue
 5  51-51  fg=LightGreen
 5  53-53  fg=LightBlue
 5  55-55  fg=DarkGray
 5  57-57  fg=DarkGray
 6   2-4   fg=DarkGray
 6   5-8   fg=LightRed
 6  51-51  fg=LightGreen
 6  53-53  fg=LightBlue
 6  55-55  fg=DarkGray
 6  57-57  fg=DarkGray
 7   2-4   fg=DarkGray
 7   5-8   fg=LightBlue
 7  51-51  fg=Cyan
 7  53-53  fg=Gray
 7  55-55  fg=DarkGray
 7  57-57  fg=DarkGray
 8   2-13  fg=Yellow BOLD
 9   2-4   fg=DarkGray
 9   5-14  fg=Yellow BOLD
10   2-7   fg=DarkGray
10   8-11  fg=LightBlue
10  51-51  fg=LightGreen
10  53-53  fg=LightGreen
10  55-55  fg=Cyan
10  57-57  fg=LightBlue
11   2-7   fg=DarkGray
11   8-11  fg=LightBlue
11  51-51  fg=LightGreen
11  53-53  fg=LightGreen
11  55-55  fg=LightBlue
11  57-57  fg=DarkGray
12   2-5   fg=LightBlue
12  51-51  fg=LightGreen
12  53-53  fg=LightGreen
12  55-55  fg=LightGreen
12  57-57  fg=Yellow
16   4-11  fg=Gray
16  12-39  fg=LightBlue
17   4-11  fg=Gray
17  12-41  fg=Cyan BOLD | UNDERLINED
19   4-11  fg=Gray
21   2-57  fg=Red
