
  Inbox / New spec

                               S J D P
  ▾  designs
  ├─    Inbox layout          ✓ → ○ ○
  ├─    preview               ✓ → ○ ○
  └─    Settings navigation   ● ○ ○ ○
  ▾  missions
  └─ ▾  zeller
  ┌ New spec ────────────────────────┐
  │ Client    Claude · Opus 5.5      │
  │         ✦ Codex · GPT-6.1-Sol    │
  │                                  │
  │ Topic   ery acquirer and wallet█ │
  └──────────────────────────────────┘
  ↑↓ client · Enter start · Esc cancel

--- styles: row, columns, style ---
 1   2-9   fg=Gray
 1  10-17  fg=LightCyan BOLD
 3   2-37  fg=Gray BOLD
 4   2-37  fg=Black bg=Cyan BOLD
 5   2-4   fg=DarkGray
 5   5-8   fg=LightBlue
 5  31-31  fg=LightGreen
 5  33-33  fg=LightBlue
 5  35-35  fg=DarkGray
 5  37-37  fg=DarkGray
 6   2-4   fg=DarkGray
 6   5-8   fg=LightRed
 6  31-31  fg=LightGreen
 6  33-33  fg=LightBlue
 6  35-35  fg=DarkGray
 6  37-37  fg=DarkGray
 7   2-4   fg=DarkGray
 7   5-8   fg=LightBlue
 7  31-31  fg=Cyan
 7  33-33  fg=Gray
 7  35-35  fg=DarkGray
 7  37-37  fg=DarkGray
 8   2-13  fg=Yellow BOLD
 9   2-4   fg=DarkGray
 9   5-14  fg=Yellow BOLD
11   4-11  fg=Gray
11  12-30  fg=LightBlue
12   4-11  fg=Gray
12  12-32  fg=Cyan BOLD | UNDERLINED
14   4-11  fg=Gray
