
  Inbox / missions / zeller / Transaction search / Full spec

  - Requirement 36
  - Requirement 37
  - Requirement 38
  - Requirement 39
  - Requirement 40
  - Requirement 41
  - Requirement 42
  - Requirement 43
  - Requirement 44
  - Requirement 45
  - Requirement 46
  - Requirement 47
  - Requirement 48
  - Requirement 49
  - Requirement 50
  - Requirement 51
  - Requirement 52
  - Requirement 53
  - Requirement 54
  - Requirement 55
  - Requirement 56
  - Requirement 57
  - Requirement 58
  - Requirement 59
  - Requirement 60

  LAST LINE



  j/k scroll · Shift+J/K 10 lines

--- styles: row, columns, style ---
 1   2-50  fg=Gray
 1  51-59  fg=LightCyan BOLD
