
  Inbox / … / Transaction search / Full spec

  # Transaction search

  - Requirement 1
  - Requirement 2
  - Requirement 3
  - Requirement 4
  - Requirement 5
  - Requirement 6
  - Requirement 7
  - Requirement 8
  - Requirement 9
  - Requirement 10
  - Requirement 11
  - Requirement 12
  - Requirement 13
  - Requirement 14
  - Requirement 15
  - Requirement 16

  j/k scroll · Shift+J/K 10 lines

--- styles: row, columns, style ---
 1   2-34  fg=Gray
 1  35-43  fg=LightCyan BOLD
