
  Inbox / missions / zeller / Transaction search / FULL SPEC

  # Transaction search

  ## Goal

  Describe Transaction search well enough to build it.

  ## Requirements

  - First requirement
  - Second requirement




















  j/k scroll · Shift+J/K 10 lines

--- styles: row, columns, style ---
 1   2-50  fg=Gray
 1  51-59  fg=LightCyan BOLD
