
  Inbox / … / Transaction… / Full spec

  - Requirement 36
  - Requirement 37
  - Requirement 38
  - Requirement 39
  - Requirement 40
  - Requirement 41
  - Requirement 42
  - Requirement 43
  - Requirement 44
  - Requirement 45
  - Requirement 46
  - Requirement 47

  j/k scroll · Shift+J/K 10 lines

--- styles: row, columns, style ---
 1   2-28  fg=Gray
 1  29-37  fg=LightCyan BOLD
