
  Inbox / missions / zeller / Transaction search / Full spec

  # Transaction search

  - Requirement 1
  - Requirement 2
  - Requirement 3
  - Requirement 4
  - Requirement 5
  - Requirement 6
  - Requirement 7
  - Requirement 8
  - Requirement 9
  - Requirement 10
  - Requirement 11
  - Requirement 12
  - Requirement 13
  - Requirement 14
  - Requirement 15
  - Requirement 16
  - Requirement 17
  - Requirement 18
  - Requirement 19
  - Requirement 20
  - Requirement 21
  - Requirement 22
  - Requirement 23
  - Requirement 24
  - Requirement 25
  - Requirement 26
  - Requirement 27

  j/k scroll · Shift+J/K 10 lines

--- styles: row, columns, style ---
 1   2-50  fg=Gray
 1  51-59  fg=LightCyan BOLD
