
  Inbox / … / Transaction search / FULL SPEC

  # Transaction search

  ## Goal

  Describe Transaction search well enough to build it.

  ## Requirements

  - First requirement
  - Second requirement









  j/k scroll · Shift+J/K 10 lines

--- styles: row, columns, style ---
 1   2-34  fg=Gray
 1  35-43  fg=LightCyan BOLD
