
  Inbox / … / Transaction se… / Refine



  ┌ Refine spec ─────────────────────┐
  │ Client  ✦ Claude · Opus 5.5      │
  │           Codex · GPT-6.1-Sol    │
  └──────────────────────────────────┘







  j/k · Enter start · Esc cancel

--- styles: row, columns, style ---
 1   2-31  fg=Gray
 1  32-37  fg=LightCyan BOLD
 6   4-11  fg=Gray
 6  12-30  fg=Cyan BOLD | UNDERLINED
 7   4-11  fg=Gray
 7  12-32  fg=LightBlue
