
  Inbox / missions / zeller / Transaction search / Refine











                        ┌ Refine spec · Choose client ─────────────────────┐
                        │Claude · Opus 5.5 · High                          │
                        │Codex · GPT-6.1-Sol · High                        │
                        │                                                  │
                        └──────────────────────────────────────────────────┘















  j/k choose · Enter continue · Esc cancel

--- styles: row, columns, style ---
 1   2-50  fg=Gray
 1  51-56  fg=LightCyan BOLD
14  25-74  fg=Black bg=Cyan BOLD
18  25-74  fg=Red
19  25-74  fg=Red
20  25-74  fg=Red
