
  Inbox / Settings / Scan results

  2 imported, 3 known, 1 in Trash, 1 dropped; 2 issue(s)

  Correct the folder or permissions, then reopen the Inbox to scan again.

  Cannot read spec /tmp/herdr-inbox-golden-scan-issues/specs/locked.md: Permission denied

  Spec outside selected folder: /tmp/elsewhere/linked.md























  j/k scroll · s settings · Esc back

--- styles: row, columns, style ---
 1   2-20  fg=Gray
 1  21-32  fg=LightCyan BOLD
 5   2-97  fg=Yellow
 6   2-97  fg=Yellow
 7   2-97  fg=Yellow
 8   2-97  fg=Yellow
 9   2-97  fg=Yellow
10   2-97  fg=Yellow
11   2-97  fg=Yellow
12   2-97  fg=Yellow
13   2-97  fg=Yellow
14   2-97  fg=Yellow
15   2-97  fg=Yellow
16   2-97  fg=Yellow
17   2-97  fg=Yellow
18   2-97  fg=Yellow
19   2-97  fg=Yellow
20   2-97  fg=Yellow
21   2-97  fg=Yellow
22   2-97  fg=Yellow
23   2-97  fg=Yellow
24   2-97  fg=Yellow
25   2-97  fg=Yellow
26   2-97  fg=Yellow
27   2-97  fg=Yellow
28   2-97  fg=Yellow
29   2-97  fg=Yellow
30   2-97  fg=Yellow
31   2-97  fg=Yellow
