
  Inbox / Settings

  Specs folder   …olden-settings/specs
  Jira           on
  Archive        1 spec










  j/k select · Enter change · Esc back

--- styles: row, columns, style ---
 1   2-9   fg=Gray
 1  10-17  fg=LightCyan BOLD
 3   2-37  fg=Black bg=Cyan BOLD
 4   2-16  fg=Gray
 5   2-16  fg=Gray
